// Jest Snapshot v1, https://goo.gl/fbAQLP

exports[`should render correctly 1`] = `
<View
  style={
    {
      "gap": 13,
    }
  }
>
  <Text
    style={
      {
        "fontFamily": "Inter-SemiBold",
        "fontSize": 32,
        "fontWeight": "500",
      }
    }
  >
    Test label
  </Text>
  <TextInput
    onChangeText={[MockFunction]}
    placeholder="Test placeholder"
    style={
      {
        "borderColor": "#D9D9D9",
        "borderRadius": 8,
        "borderWidth": 1,
        "fontFamily": "Inter-Regular",
        "fontSize": 32,
        "height": 92,
        "paddingHorizontal": 26,
        "paddingVertical": 20,
        "width": 594,
      }
    }
  />
  <Text
    style={
      {
        "color": "#ff0000",
        "fontFamily": "Inter-Regular",
        "fontSize": 24,
      }
    }
  >
    Test error message
  </Text>
</View>
`;
