// Jest Snapshot v1, https://goo.gl/fbAQLP

exports[`LoanProductTitle snapshot 1`] = `
<Text
  style={
    {
      "color": "#000000",
      "fontFamily": "",
      "fontSize": 40,
      "fontWeight": "bold",
    }
  }
>
  Test Title
</Text>
`;
