// Jest Snapshot v1, https://goo.gl/fbAQLP

exports[`It renders corectly 1`] = `
<Text
  style={
    {
      "color": "#000000",
      "fontFamily": "Roboto-Bold",
      "fontSize": 64,
      "fontWeight": "800",
      "letterSpacing": 1,
    }
  }
>
  Test Title
</Text>
`;
